Archive member included to satisfy reference by file (symbol)

e:/eclipse/plugins/fr.ac6.mcu.externaltools.arm-none.win32_1.13.2.201703061525/tools/compiler/bin/../lib/gcc/arm-none-eabi/5.4.1/../../../../arm-none-eabi/lib/armv7e-m/fpu\libc_nano.a(lib_a-exit.o)
                              e:/eclipse/plugins/fr.ac6.mcu.externaltools.arm-none.win32_1.13.2.201703061525/tools/compiler/bin/../lib/gcc/arm-none-eabi/5.4.1/../../../../arm-none-eabi/lib/armv7e-m/fpu/crt0.o (exit)
e:/eclipse/plugins/fr.ac6.mcu.externaltools.arm-none.win32_1.13.2.201703061525/tools/compiler/bin/../lib/gcc/arm-none-eabi/5.4.1/../../../../arm-none-eabi/lib/armv7e-m/fpu\libc_nano.a(lib_a-impure.o)
                              e:/eclipse/plugins/fr.ac6.mcu.externaltools.arm-none.win32_1.13.2.201703061525/tools/compiler/bin/../lib/gcc/arm-none-eabi/5.4.1/../../../../arm-none-eabi/lib/armv7e-m/fpu\libc_nano.a(lib_a-exit.o) (_global_impure_ptr)
e:/eclipse/plugins/fr.ac6.mcu.externaltools.arm-none.win32_1.13.2.201703061525/tools/compiler/bin/../lib/gcc/arm-none-eabi/5.4.1/../../../../arm-none-eabi/lib/armv7e-m/fpu\libc_nano.a(lib_a-init.o)
                              e:/eclipse/plugins/fr.ac6.mcu.externaltools.arm-none.win32_1.13.2.201703061525/tools/compiler/bin/../lib/gcc/arm-none-eabi/5.4.1/../../../../arm-none-eabi/lib/armv7e-m/fpu/crt0.o (__libc_init_array)
e:/eclipse/plugins/fr.ac6.mcu.externaltools.arm-none.win32_1.13.2.201703061525/tools/compiler/bin/../lib/gcc/arm-none-eabi/5.4.1/../../../../arm-none-eabi/lib/armv7e-m/fpu\libc_nano.a(lib_a-itoa.o)
                              Src/main.o (itoa)
e:/eclipse/plugins/fr.ac6.mcu.externaltools.arm-none.win32_1.13.2.201703061525/tools/compiler/bin/../lib/gcc/arm-none-eabi/5.4.1/../../../../arm-none-eabi/lib/armv7e-m/fpu\libc_nano.a(lib_a-malloc.o)
                              Src/tm_stm32_delay.o (malloc)
e:/eclipse/plugins/fr.ac6.mcu.externaltools.arm-none.win32_1.13.2.201703061525/tools/compiler/bin/../lib/gcc/arm-none-eabi/5.4.1/../../../../arm-none-eabi/lib/armv7e-m/fpu\libc_nano.a(lib_a-memset.o)
                              e:/eclipse/plugins/fr.ac6.mcu.externaltools.arm-none.win32_1.13.2.201703061525/tools/compiler/bin/../lib/gcc/arm-none-eabi/5.4.1/../../../../arm-none-eabi/lib/armv7e-m/fpu/crt0.o (memset)
e:/eclipse/plugins/fr.ac6.mcu.externaltools.arm-none.win32_1.13.2.201703061525/tools/compiler/bin/../lib/gcc/arm-none-eabi/5.4.1/../../../../arm-none-eabi/lib/armv7e-m/fpu\libc_nano.a(lib_a-nano-freer.o)
                              e:/eclipse/plugins/fr.ac6.mcu.externaltools.arm-none.win32_1.13.2.201703061525/tools/compiler/bin/../lib/gcc/arm-none-eabi/5.4.1/../../../../arm-none-eabi/lib/armv7e-m/fpu\libc_nano.a(lib_a-malloc.o) (_free_r)
e:/eclipse/plugins/fr.ac6.mcu.externaltools.arm-none.win32_1.13.2.201703061525/tools/compiler/bin/../lib/gcc/arm-none-eabi/5.4.1/../../../../arm-none-eabi/lib/armv7e-m/fpu\libc_nano.a(lib_a-nano-mallocr.o)
                              e:/eclipse/plugins/fr.ac6.mcu.externaltools.arm-none.win32_1.13.2.201703061525/tools/compiler/bin/../lib/gcc/arm-none-eabi/5.4.1/../../../../arm-none-eabi/lib/armv7e-m/fpu\libc_nano.a(lib_a-malloc.o) (_malloc_r)
e:/eclipse/plugins/fr.ac6.mcu.externaltools.arm-none.win32_1.13.2.201703061525/tools/compiler/bin/../lib/gcc/arm-none-eabi/5.4.1/../../../../arm-none-eabi/lib/armv7e-m/fpu\libc_nano.a(lib_a-sbrkr.o)
                              e:/eclipse/plugins/fr.ac6.mcu.externaltools.arm-none.win32_1.13.2.201703061525/tools/compiler/bin/../lib/gcc/arm-none-eabi/5.4.1/../../../../arm-none-eabi/lib/armv7e-m/fpu\libc_nano.a(lib_a-nano-mallocr.o) (_sbrk_r)
e:/eclipse/plugins/fr.ac6.mcu.externaltools.arm-none.win32_1.13.2.201703061525/tools/compiler/bin/../lib/gcc/arm-none-eabi/5.4.1/../../../../arm-none-eabi/lib/armv7e-m/fpu\libc_nano.a(lib_a-utoa.o)
                              e:/eclipse/plugins/fr.ac6.mcu.externaltools.arm-none.win32_1.13.2.201703061525/tools/compiler/bin/../lib/gcc/arm-none-eabi/5.4.1/../../../../arm-none-eabi/lib/armv7e-m/fpu\libc_nano.a(lib_a-itoa.o) (__utoa)
e:/eclipse/plugins/fr.ac6.mcu.externaltools.arm-none.win32_1.13.2.201703061525/tools/compiler/bin/../lib/gcc/arm-none-eabi/5.4.1/../../../../arm-none-eabi/lib/armv7e-m/fpu\libc_nano.a(lib_a-mlock.o)
                              e:/eclipse/plugins/fr.ac6.mcu.externaltools.arm-none.win32_1.13.2.201703061525/tools/compiler/bin/../lib/gcc/arm-none-eabi/5.4.1/../../../../arm-none-eabi/lib/armv7e-m/fpu\libc_nano.a(lib_a-nano-freer.o) (__malloc_lock)
e:/eclipse/plugins/fr.ac6.mcu.externaltools.arm-none.win32_1.13.2.201703061525/tools/compiler/bin/../lib/gcc/arm-none-eabi/5.4.1/../../../../arm-none-eabi/lib/armv7e-m/fpu\libc_nano.a(lib_a-reent.o)
                              e:/eclipse/plugins/fr.ac6.mcu.externaltools.arm-none.win32_1.13.2.201703061525/tools/compiler/bin/../lib/gcc/arm-none-eabi/5.4.1/../../../../arm-none-eabi/lib/armv7e-m/fpu\libc_nano.a(lib_a-sbrkr.o) (errno)
[...]
Memory Configuration

Name             Origin             Length             Attributes
RAM              0x20000000         0x00020000         xrw
CCMRAM           0x10000000         0x00010000         rw
FLASH            0x08000000         0x00100000         xr
*default*        0x00000000         0xffffffff

Linker script and memory map

LOAD e:/eclipse/plugins/fr.ac6.mcu.externaltools.arm-none.win32_1.13.2.201703061525/tools/compiler/bin/../lib/gcc/arm-none-eabi/5.4.1/armv7e-m/fpu/crti.o
LOAD e:/eclipse/plugins/fr.ac6.mcu.externaltools.arm-none.win32_1.13.2.201703061525/tools/compiler/bin/../lib/gcc/arm-none-eabi/5.4.1/armv7e-m/fpu/crtbegin.o
LOAD e:/eclipse/plugins/fr.ac6.mcu.externaltools.arm-none.win32_1.13.2.201703061525/tools/compiler/bin/../lib/gcc/arm-none-eabi/5.4.1/../../../../arm-none-eabi/lib/armv7e-m/fpu/crt0.o
LOAD e:/eclipse/plugins/fr.ac6.mcu.externaltools.arm-none.win32_1.13.2.201703061525/tools/compiler/bin/../lib/gcc/arm-none-eabi/5.4.1/../../../../arm-none-eabi/lib/armv7e-m/fpu\libm.a
LOAD Drivers/STM32F4xx_HAL_Driver/Src/stm32f4xx_hal.o
LOAD Drivers/STM32F4xx_HAL_Driver/Src/stm32f4xx_hal_cortex.o
LOAD Drivers/STM32F4xx_HAL_Driver/Src/stm32f4xx_hal_dma.o
LOAD Drivers/STM32F4xx_HAL_Driver/Src/stm32f4xx_hal_dma_ex.o
LOAD Drivers/STM32F4xx_HAL_Driver/Src/stm32f4xx_hal_flash.o
LOAD Drivers/STM32F4xx_HAL_Driver/Src/stm32f4xx_hal_flash_ex.o
LOAD Drivers/STM32F4xx_HAL_Driver/Src/stm32f4xx_hal_flash_ramfunc.o
LOAD Drivers/STM32F4xx_HAL_Driver/Src/stm32f4xx_hal_gpio.o
LOAD Drivers/STM32F4xx_HAL_Driver/Src/stm32f4xx_hal_pwr.o
LOAD Drivers/STM32F4xx_HAL_Driver/Src/stm32f4xx_hal_pwr_ex.o
LOAD Drivers/STM32F4xx_HAL_Driver/Src/stm32f4xx_hal_rcc.o
LOAD Drivers/STM32F4xx_HAL_Driver/Src/stm32f4xx_hal_rcc_ex.o
LOAD Src/main.o
LOAD Src/stm32f4xx_hal_msp.o
LOAD Src/stm32f4xx_it.o
LOAD Src/system_stm32f4xx.o
LOAD Src/tm_stm32_delay.o
LOAD Src/tm_stm32_gpio.o
LOAD Src/tm_stm32_hd44780.o
LOAD startup/startup_stm32f407xx.o
START GROUP
LOAD e:/eclipse/plugins/fr.ac6.mcu.externaltools.arm-none.win32_1.13.2.201703061525/tools/compiler/bin/../lib/gcc/arm-none-eabi/5.4.1/armv7e-m/fpu\libgcc.a
LOAD e:/eclipse/plugins/fr.ac6.mcu.externaltools.arm-none.win32_1.13.2.201703061525/tools/compiler/bin/../lib/gcc/arm-none-eabi/5.4.1/../../../../arm-none-eabi/lib/armv7e-m/fpu\libc_nano.a
END GROUP
START GROUP
LOAD e:/eclipse/plugins/fr.ac6.mcu.externaltools.arm-none.win32_1.13.2.201703061525/tools/compiler/bin/../lib/gcc/arm-none-eabi/5.4.1/armv7e-m/fpu\libgcc.a
LOAD e:/eclipse/plugins/fr.ac6.mcu.externaltools.arm-none.win32_1.13.2.201703061525/tools/compiler/bin/../lib/gcc/arm-none-eabi/5.4.1/../../../../arm-none-eabi/lib/armv7e-m/fpu\libc_nano.a
LOAD e:/eclipse/plugins/fr.ac6.mcu.externaltools.arm-none.win32_1.13.2.201703061525/tools/compiler/bin/../lib/gcc/arm-none-eabi/5.4.1/../../../../arm-none-eabi/lib/armv7e-m/fpu\libnosys.a
END GROUP
START GROUP
LOAD e:/eclipse/plugins/fr.ac6.mcu.externaltools.arm-none.win32_1.13.2.201703061525/tools/compiler/bin/../lib/gcc/arm-none-eabi/5.4.1/armv7e-m/fpu\libgcc.a
LOAD e:/eclipse/plugins/fr.ac6.mcu.externaltools.arm-none.win32_1.13.2.201703061525/tools/compiler/bin/../lib/gcc/arm-none-eabi/5.4.1/../../../../arm-none-eabi/lib/armv7e-m/fpu\libc_nano.a
LOAD e:/eclipse/plugins/fr.ac6.mcu.externaltools.arm-none.win32_1.13.2.201703061525/tools/compiler/bin/../lib/gcc/arm-none-eabi/5.4.1/../../../../arm-none-eabi/lib/armv7e-m/fpu\libnosys.a
END GROUP
LOAD e:/eclipse/plugins/fr.ac6.mcu.externaltools.arm-none.win32_1.13.2.201703061525/tools/compiler/bin/../lib/gcc/arm-none-eabi/5.4.1/armv7e-m/fpu/crtend.o
LOAD e:/eclipse/plugins/fr.ac6.mcu.externaltools.arm-none.win32_1.13.2.201703061525/tools/compiler/bin/../lib/gcc/arm-none-eabi/5.4.1/armv7e-m/fpu/crtn.o
                0x20020000                _estack = 0x20020000
                0x00000200                _Min_Heap_Size = 0x200
                0x00000400                _Min_Stack_Size = 0x400

.isr_vector     0x08000000      0x188
                0x08000000                . = ALIGN (0x4)
 *(.isr_vector)
 .isr_vector    0x08000000      0x188 startup/startup_stm32f407xx.o
                0x08000000                g_pfnVectors
                0x08000188                . = ALIGN (0x4)

.text           0x08000188     0x1914
                0x08000188                . = ALIGN (0x4)
 *(.text)
 .text          0x08000188       0x5c e:/eclipse/plugins/fr.ac6.mcu.externaltools.arm-none.win32_1.13.2.201703061525/tools/compiler/bin/../lib/gcc/arm-none-eabi/5.4.1/armv7e-m/fpu/crtbegin.o
 *(.text*)
 .text.HAL_Init
                0x080001e4       0x44 Drivers/STM32F4xx_HAL_Driver/Src/stm32f4xx_hal.o
                0x080001e4                HAL_Init
 .text.HAL_InitTick
                0x08000228       0x38 Drivers/STM32F4xx_HAL_Driver/Src/stm32f4xx_hal.o
                0x08000228                HAL_InitTick
 .text.NVIC_SetPriorityGrouping
                0x08000260       0x48 Drivers/STM32F4xx_HAL_Driver/Src/stm32f4xx_hal_cortex.o
 .text.NVIC_GetPriorityGrouping
                0x080002a8       0x1c Drivers/STM32F4xx_HAL_Driver/Src/stm32f4xx_hal_cortex.o
 .text.NVIC_SetPriority
                0x080002c4       0x54 Drivers/STM32F4xx_HAL_Driver/Src/stm32f4xx_hal_cortex.o
 .text.NVIC_EncodePriority
                0x08000318       0x64 Drivers/STM32F4xx_HAL_Driver/Src/stm32f4xx_hal_cortex.o
 .text.SysTick_Config
                0x0800037c       0x44 Drivers/STM32F4xx_HAL_Driver/Src/stm32f4xx_hal_cortex.o
 .text.HAL_NVIC_SetPriorityGrouping
                0x080003c0       0x18 Drivers/STM32F4xx_HAL_Driver/Src/stm32f4xx_hal_cortex.o
                0x080003c0                HAL_NVIC_SetPriorityGrouping
 .text.HAL_NVIC_SetPriority
                0x080003d8       0x38 Drivers/STM32F4xx_HAL_Driver/Src/stm32f4xx_hal_cortex.o
                0x080003d8                HAL_NVIC_SetPriority
 .text.HAL_SYSTICK_Config
                0x08000410       0x18 Drivers/STM32F4xx_HAL_Driver/Src/stm32f4xx_hal_cortex.o
                0x08000410                HAL_SYSTICK_Config
 .text.HAL_SYSTICK_CLKSourceConfig
                0x08000428       0x38 Drivers/STM32F4xx_HAL_Driver/Src/stm32f4xx_hal_cortex.o
                0x08000428                HAL_SYSTICK_CLKSourceConfig
 .text.HAL_SYSTICK_IRQHandler
                0x08000460        0xc Drivers/STM32F4xx_HAL_Driver/Src/stm32f4xx_hal_cortex.o
                0x08000460                HAL_SYSTICK_IRQHandler
 .text.HAL_SYSTICK_Callback
                0x0800046c       0x10 Drivers/STM32F4xx_HAL_Driver/Src/stm32f4xx_hal_cortex.o
                0x0800046c                HAL_SYSTICK_Callback
 .text.HAL_GPIO_Init
                0x0800047c      0x334 Drivers/STM32F4xx_HAL_Driver/Src/stm32f4xx_hal_gpio.o
                0x0800047c                HAL_GPIO_Init
 .text.HAL_GPIO_WritePin
                0x080007b0       0x34 Drivers/STM32F4xx_HAL_Driver/Src/stm32f4xx_hal_gpio.o
                0x080007b0                HAL_GPIO_WritePin
 .text.HAL_RCC_OscConfig
                0x080007e4      0x4b4 Drivers/STM32F4xx_HAL_Driver/Src/stm32f4xx_hal_rcc.o
                0x080007e4                HAL_RCC_OscConfig
 .text.HAL_RCC_ClockConfig
                0x08000c98      0x224 Drivers/STM32F4xx_HAL_Driver/Src/stm32f4xx_hal_rcc.o
                0x08000c98                HAL_RCC_ClockConfig
 .text.HAL_RCC_GetSysClockFreq
                0x08000ebc       0xfc Drivers/STM32F4xx_HAL_Driver/Src/stm32f4xx_hal_rcc.o
                0x08000ebc                HAL_RCC_GetSysClockFreq
 .text.HAL_RCC_GetHCLKFreq
                0x08000fb8       0x18 Drivers/STM32F4xx_HAL_Driver/Src/stm32f4xx_hal_rcc.o
                0x08000fb8                HAL_RCC_GetHCLKFreq
 .text.Delayms  0x08000fd0       0x18 Src/main.o
 .text.main     0x08000fe8       0xb8 Src/main.o
                0x08000fe8                main
 .text.SystemClock_Config
                0x080010a0       0xe0 Src/main.o
                0x080010a0                SystemClock_Config
 .text.MX_GPIO_Init
                0x08001180       0xa4 Src/main.o
 .text.Error_Handler
                0x08001224        0x8 Src/main.o
                0x08001224                Error_Handler
 .text.HAL_MspInit
                0x0800122c       0x64 Src/stm32f4xx_hal_msp.o
                0x0800122c                HAL_MspInit
 .text.NMI_Handler
                0x08001290       0x10 Src/stm32f4xx_it.o
                0x08001290                NMI_Handler
 .text.HardFault_Handler
                0x080012a0        0x8 Src/stm32f4xx_it.o
                0x080012a0                HardFault_Handler
 .text.MemManage_Handler
                0x080012a8        0x8 Src/stm32f4xx_it.o
                0x080012a8                MemManage_Handler
 .text.BusFault_Handler
                0x080012b0        0x8 Src/stm32f4xx_it.o
                0x080012b0                BusFault_Handler
 .text.UsageFault_Handler
                0x080012b8        0x8 Src/stm32f4xx_it.o
                0x080012b8                UsageFault_Handler
 .text.SVC_Handler
                0x080012c0       0x10 Src/stm32f4xx_it.o
                0x080012c0                SVC_Handler
 .text.DebugMon_Handler
                0x080012d0       0x10 Src/stm32f4xx_it.o
                0x080012d0                DebugMon_Handler
 .text.PendSV_Handler
                0x080012e0       0x10 Src/stm32f4xx_it.o
                0x080012e0                PendSV_Handler
 .text.SysTick_Handler
                0x080012f0       0x10 Src/stm32f4xx_it.o
                0x080012f0                SysTick_Handler
 .text.SystemInit
                0x08001300       0x6c Src/system_stm32f4xx.o
                0x08001300                SystemInit
 .text.TM_DELAY_Init
                0x0800136c       0x64 Src/tm_stm32_delay.o
                0x0800136c                TM_DELAY_Init
 .text.TM_DELAY_1msHandler
                0x080013d0       0x10 Src/tm_stm32_delay.o
                0x080013d0                TM_DELAY_1msHandler
 .text.HAL_IncTick
                0x080013e0      0x10c Src/tm_stm32_delay.o
                0x080013e0                HAL_IncTick
 .text.HAL_Delay
                0x080014ec       0x54 Src/tm_stm32_delay.o
                0x080014ec                HAL_Delay
 .text.HAL_GetTick
                0x08001540       0x18 Src/tm_stm32_delay.o
                0x08001540                HAL_GetTick
 .text.Delay    0x08001558       0x44 Src/tm_stm32_hd44780.o
 .text.TM_HD44780_Init
                0x0800159c       0xcc Src/tm_stm32_hd44780.o
                0x0800159c                TM_HD44780_Init
 .text.TM_HD44780_Clear
                0x08001668       0x18 Src/tm_stm32_hd44780.o
                0x08001668                TM_HD44780_Clear
 .text.TM_HD44780_Puts
                0x08001680       0xb8 Src/tm_stm32_hd44780.o
                0x08001680                TM_HD44780_Puts
 .text.TM_HD44780_DisplayOn
                0x08001738       0x2c Src/tm_stm32_hd44780.o
                0x08001738                TM_HD44780_DisplayOn
 .text.TM_HD44780_BlinkOn
                0x08001764       0x2c Src/tm_stm32_hd44780.o
                0x08001764                TM_HD44780_BlinkOn
 .text.TM_HD44780_CursorOn
                0x08001790       0x2c Src/tm_stm32_hd44780.o
                0x08001790                TM_HD44780_CursorOn
 .text.TM_HD44780_Cmd
                0x080017bc       0x38 Src/tm_stm32_hd44780.o
 .text.TM_HD44780_Data
                0x080017f4       0x38 Src/tm_stm32_hd44780.o
 .text.TM_HD44780_Cmd4bit
                0x0800182c       0xa4 Src/tm_stm32_hd44780.o
 .text.TM_HD44780_CursorSet
                0x080018d0       0x68 Src/tm_stm32_hd44780.o
 .text.Reset_Handler
                0x08001938       0x50 startup/startup_stm32f407xx.o
                0x08001938                Reset_Handler
 .text.Default_Handler
                0x08001988        0x2 startup/startup_stm32f407xx.o
                0x08001988                RTC_Alarm_IRQHandler
                0x08001988                HASH_RNG_IRQHandler
                0x08001988                EXTI2_IRQHandler
                0x08001988                TIM8_CC_IRQHandler
                0x08001988                TIM1_CC_IRQHandler
                0x08001988                DMA2_Stream5_IRQHandler
                0x08001988                DMA1_Stream5_IRQHandler
                0x08001988                PVD_IRQHandler
                0x08001988                SDIO_IRQHandler
                0x08001988                TAMP_STAMP_IRQHandler
                0x08001988                CAN2_RX1_IRQHandler
                0x08001988                EXTI3_IRQHandler
                0x08001988                TIM8_TRG_COM_TIM14_IRQHandler
                0x08001988                TIM1_UP_TIM10_IRQHandler
                0x08001988                TIM8_UP_TIM13_IRQHandler
                0x08001988                I2C3_ER_IRQHandler
                0x08001988                EXTI0_IRQHandler
                0x08001988                I2C2_EV_IRQHandler
                0x08001988                DMA1_Stream2_IRQHandler
                0x08001988                CAN1_RX0_IRQHandler
                0x08001988                FPU_IRQHandler
                0x08001988                OTG_HS_WKUP_IRQHandler
                0x08001988                CAN2_SCE_IRQHandler
                0x08001988                DMA2_Stream2_IRQHandler
                0x08001988                SPI1_IRQHandler
                0x08001988                TIM6_DAC_IRQHandler
                0x08001988                TIM1_BRK_TIM9_IRQHandler
                0x08001988                DCMI_IRQHandler
                0x08001988                CAN2_RX0_IRQHandler
                0x08001988                DMA2_Stream3_IRQHandler
                0x08001988                USART6_IRQHandler
                0x08001988                USART3_IRQHandler
                0x08001988                CAN1_RX1_IRQHandler
                0x08001988                UART5_IRQHandler
                0x08001988                DMA2_Stream0_IRQHandler
                0x08001988                TIM4_IRQHandler
                0x08001988                I2C1_EV_IRQHandler
                0x08001988                DMA1_Stream6_IRQHandler
                0x08001988                DMA1_Stream1_IRQHandler
                0x08001988                UART4_IRQHandler
                0x08001988                TIM3_IRQHandler
                0x08001988                RCC_IRQHandler
                0x08001988                TIM8_BRK_TIM12_IRQHandler
                0x08001988                Default_Handler
                0x08001988                EXTI15_10_IRQHandler
                0x08001988                ADC_IRQHandler
                0x08001988                DMA1_Stream7_IRQHandler
                0x08001988                TIM7_IRQHandler
                0x08001988                CAN2_TX_IRQHandler
                0x08001988                TIM5_IRQHandler
                0x08001988                DMA2_Stream7_IRQHandler
                0x08001988                I2C3_EV_IRQHandler
                0x08001988                EXTI9_5_IRQHandler
                0x08001988                RTC_WKUP_IRQHandler
                0x08001988                ETH_WKUP_IRQHandler
                0x08001988                SPI2_IRQHandler
                0x08001988                OTG_HS_EP1_IN_IRQHandler
                0x08001988                DMA1_Stream0_IRQHandler
                0x08001988                CAN1_TX_IRQHandler
                0x08001988                EXTI4_IRQHandler
                0x08001988                FSMC_IRQHandler
                0x08001988                ETH_IRQHandler
                0x08001988                OTG_HS_EP1_OUT_IRQHandler
                0x08001988                WWDG_IRQHandler
                0x08001988                TIM2_IRQHandler
                0x08001988                OTG_FS_WKUP_IRQHandler
                0x08001988                TIM1_TRG_COM_TIM11_IRQHandler
                0x08001988                OTG_HS_IRQHandler
                0x08001988                EXTI1_IRQHandler
                0x08001988                USART2_IRQHandler
                0x08001988                I2C2_ER_IRQHandler
                0x08001988                DMA2_Stream1_IRQHandler
                0x08001988                CAN1_SCE_IRQHandler
                0x08001988                FLASH_IRQHandler
                0x08001988                DMA2_Stream4_IRQHandler
                0x08001988                USART1_IRQHandler
                0x08001988                OTG_FS_IRQHandler
                0x08001988                SPI3_IRQHandler
                0x08001988                DMA1_Stream4_IRQHandler
                0x08001988                I2C1_ER_IRQHandler
                0x08001988                DMA2_Stream6_IRQHandler
                0x08001988                DMA1_Stream3_IRQHandler
 *fill*         0x0800198a        0x2 
 .text.__libc_init_array
                0x0800198c       0x4c e:/eclipse/plugins/fr.ac6.mcu.externaltools.arm-none.win32_1.13.2.201703061525/tools/compiler/bin/../lib/gcc/arm-none-eabi/5.4.1/../../../../arm-none-eabi/lib/armv7e-m/fpu\libc_nano.a(lib_a-init.o)
                0x0800198c                __libc_init_array
 .text.__itoa   0x080019d8       0x2e e:/eclipse/plugins/fr.ac6.mcu.externaltools.arm-none.win32_1.13.2.201703061525/tools/compiler/bin/../lib/gcc/arm-none-eabi/5.4.1/../../../../arm-none-eabi/lib/armv7e-m/fpu\libc_nano.a(lib_a-itoa.o)
                0x080019d8                __itoa
 .text.itoa     0x08001a06        0x4 e:/eclipse/plugins/fr.ac6.mcu.externaltools.arm-none.win32_1.13.2.201703061525/tools/compiler/bin/../lib/gcc/arm-none-eabi/5.4.1/../../../../arm-none-eabi/lib/armv7e-m/fpu\libc_nano.a(lib_a-itoa.o)
                0x08001a06                itoa
 *fill*         0x08001a0a        0x2 
 .text.__utoa   0x08001a0c       0x78 e:/eclipse/plugins/fr.ac6.mcu.externaltools.arm-none.win32_1.13.2.201703061525/tools/compiler/bin/../lib/gcc/arm-none-eabi/5.4.1/../../../../arm-none-eabi/lib/armv7e-m/fpu\libc_nano.a(lib_a-utoa.o)
                0x08001a0c                __utoa
 *(.glue_7)
 .glue_7        0x08001a84        0x0 linker stubs
 *(.glue_7t)
 .glue_7t       0x08001a84        0x0 linker stubs
 *(.eh_frame)
 .eh_frame      0x08001a84        0x0 e:/eclipse/plugins/fr.ac6.mcu.externaltools.arm-none.win32_1.13.2.201703061525/tools/compiler/bin/../lib/gcc/arm-none-eabi/5.4.1/armv7e-m/fpu/crtbegin.o
 *(.init)
 .init          0x08001a84        0x4 e:/eclipse/plugins/fr.ac6.mcu.externaltools.arm-none.win32_1.13.2.201703061525/tools/compiler/bin/../lib/gcc/arm-none-eabi/5.4.1/armv7e-m/fpu/crti.o
                0x08001a84                _init
 .init          0x08001a88        0x8 e:/eclipse/plugins/fr.ac6.mcu.externaltools.arm-none.win32_1.13.2.201703061525/tools/compiler/bin/../lib/gcc/arm-none-eabi/5.4.1/armv7e-m/fpu/crtn.o
 *(.fini)
 .fini          0x08001a90        0x4 e:/eclipse/plugins/fr.ac6.mcu.externaltools.arm-none.win32_1.13.2.201703061525/tools/compiler/bin/../lib/gcc/arm-none-eabi/5.4.1/armv7e-m/fpu/crti.o
                0x08001a90                _fini
 .fini          0x08001a94        0x8 e:/eclipse/plugins/fr.ac6.mcu.externaltools.arm-none.win32_1.13.2.201703061525/tools/compiler/bin/../lib/gcc/arm-none-eabi/5.4.1/armv7e-m/fpu/crtn.o
                0x08001a9c                . = ALIGN (0x4)
                0x08001a9c                _etext = .

.vfp11_veneer   0x08001a9c        0x0
 .vfp11_veneer  0x08001a9c        0x0 linker stubs

.v4_bx          0x08001a9c        0x0
 .v4_bx         0x08001a9c        0x0 linker stubs

.iplt           0x08001a9c        0x0
 .iplt          0x08001a9c        0x0 e:/eclipse/plugins/fr.ac6.mcu.externaltools.arm-none.win32_1.13.2.201703061525/tools/compiler/bin/../lib/gcc/arm-none-eabi/5.4.1/armv7e-m/fpu/crtbegin.o

.rodata         0x08001a9c       0x74
                0x08001a9c                . = ALIGN (0x4)
 *(.rodata)
 .rodata        0x08001a9c       0x2f Src/main.o
 *fill*         0x08001acb        0x1 
 .rodata        0x08001acc       0x18 Src/system_stm32f4xx.o
                0x08001acc                AHBPrescTable
                0x08001adc                APBPrescTable
 .rodata        0x08001ae4        0x4 Src/tm_stm32_hd44780.o
 *(.rodata*)
 .rodata.str1.1
                0x08001ae8       0x25 e:/eclipse/plugins/fr.ac6.mcu.externaltools.arm-none.win32_1.13.2.201703061525/tools/compiler/bin/../lib/gcc/arm-none-eabi/5.4.1/../../../../arm-none-eabi/lib/armv7e-m/fpu\libc_nano.a(lib_a-utoa.o)
                0x08001b10                . = ALIGN (0x4)
 *fill*         0x08001b0d        0x3 

.rel.dyn        0x08001b10        0x0
 .rel.iplt      0x08001b10        0x0 e:/eclipse/plugins/fr.ac6.mcu.externaltools.arm-none.win32_1.13.2.201703061525/tools/compiler/bin/../lib/gcc/arm-none-eabi/5.4.1/armv7e-m/fpu/crtbegin.o

.ARM.extab
 *(.ARM.extab* .gnu.linkonce.armextab.*)

.ARM            0x08001b10        0x0
                0x08001b10                __exidx_start = .
 *(.ARM.exidx*)
                0x08001b10                __exidx_end = .

.preinit_array  0x08001b10        0x0
                0x08001b10                PROVIDE (__preinit_array_start, .)
 *(.preinit_array*)
                0x08001b10                PROVIDE (__preinit_array_end, .)

.init_array     0x08001b10        0x4
                0x08001b10                PROVIDE (__init_array_start, .)
 *(SORT(.init_array.*))
 *(.init_array*)
 .init_array    0x08001b10        0x4 e:/eclipse/plugins/fr.ac6.mcu.externaltools.arm-none.win32_1.13.2.201703061525/tools/compiler/bin/../lib/gcc/arm-none-eabi/5.4.1/armv7e-m/fpu/crtbegin.o
                0x08001b14                PROVIDE (__init_array_end, .)

.fini_array     0x08001b14        0x4
                [!provide]                PROVIDE (__fini_array_start, .)
 *(SORT(.fini_array.*))
 *(.fini_array*)
 .fini_array    0x08001b14        0x4 e:/eclipse/plugins/fr.ac6.mcu.externaltools.arm-none.win32_1.13.2.201703061525/tools/compiler/bin/../lib/gcc/arm-none-eabi/5.4.1/armv7e-m/fpu/crtbegin.o
                [!provide]                PROVIDE (__fini_array_end, .)
                0x08001b18                _sidata = LOADADDR (.data)

.data           0x20000000        0x4 load address 0x08001b18
                0x20000000                . = ALIGN (0x4)
                0x20000000                _sdata = .
 *(.data)
 .data          0x20000000        0x4 Src/system_stm32f4xx.o
                0x20000000                SystemCoreClock
 *(.data*)
                0x20000004                . = ALIGN (0x4)
                0x20000004                _edata = .
                0x08001b1c                _siccmram = LOADADDR (.ccmram)

.jcr            0x20000004        0x0 load address 0x08001b1c
 .jcr           0x20000004        0x0 e:/eclipse/plugins/fr.ac6.mcu.externaltools.arm-none.win32_1.13.2.201703061525/tools/compiler/bin/../lib/gcc/arm-none-eabi/5.4.1/armv7e-m/fpu/crtbegin.o

.igot.plt       0x20000004        0x0 load address 0x08001b1c
 .igot.plt      0x20000004        0x0 e:/eclipse/plugins/fr.ac6.mcu.externaltools.arm-none.win32_1.13.2.201703061525/tools/compiler/bin/../lib/gcc/arm-none-eabi/5.4.1/armv7e-m/fpu/crtbegin.o

.ccmram         0x10000000        0x0 load address 0x08001b1c
                0x10000000                . = ALIGN (0x4)
                0x10000000                _sccmram = .
 *(.ccmram)
 *(.ccmram*)
                0x10000000                . = ALIGN (0x4)
                0x10000000                _eccmram = .
                0x10000000                . = ALIGN (0x4)

.bss            0x20000004       0x44
                0x20000004                _sbss = .
                0x20000004                __bss_start__ = _sbss
 *(.bss)
 .bss           0x20000004       0x1c e:/eclipse/plugins/fr.ac6.mcu.externaltools.arm-none.win32_1.13.2.201703061525/tools/compiler/bin/../lib/gcc/arm-none-eabi/5.4.1/armv7e-m/fpu/crtbegin.o
 .bss           0x20000020       0x20 Src/tm_stm32_delay.o
                0x20000020                TM_Time2
                0x20000024                TM_Time
 .bss           0x20000040        0x7 Src/tm_stm32_hd44780.o
 *(.bss*)
 *(COMMON)
                0x20000048                . = ALIGN (0x4)
 *fill*         0x20000047        0x1 
                0x20000048                _ebss = .
                0x20000048                __bss_end__ = _ebss

._user_heap_stack
                0x20000048      0x600
                0x20000048                . = ALIGN (0x8)
                0x20000048                PROVIDE (end, .)
                [!provide]                PROVIDE (_end, .)
                0x20000248                . = (. + _Min_Heap_Size)
 *fill*         0x20000048      0x200 
                0x20000648                . = (. + _Min_Stack_Size)
 *fill*         0x20000248      0x400 
                0x20000648                . = ALIGN (0x8)

/DISCARD/
 libc.a(*)
 libm.a(*)
 libgcc.a(*)

.ARM.attributes
                0x00000000       0x30
 *(.ARM.attributes)
 .ARM.attributes
                0x00000000       0x22 e:/eclipse/plugins/fr.ac6.mcu.externaltools.arm-none.win32_1.13.2.201703061525/tools/compiler/bin/../lib/gcc/arm-none-eabi/5.4.1/armv7e-m/fpu/crti.o
 .ARM.attributes
                0x00000022       0x34 e:/eclipse/plugins/fr.ac6.mcu.externaltools.arm-none.win32_1.13.2.201703061525/tools/compiler/bin/../lib/gcc/arm-none-eabi/5.4.1/armv7e-m/fpu/crtbegin.o
 .ARM.attributes
                0x00000056       0x39 Drivers/STM32F4xx_HAL_Driver/Src/stm32f4xx_hal.o
 .ARM.attributes
                0x0000008f       0x39 Drivers/STM32F4xx_HAL_Driver/Src/stm32f4xx_hal_cortex.o
 .ARM.attributes
                0x000000c8       0x39 Drivers/STM32F4xx_HAL_Driver/Src/stm32f4xx_hal_gpio.o
 .ARM.attributes
                0x00000101       0x39 Drivers/STM32F4xx_HAL_Driver/Src/stm32f4xx_hal_rcc.o
 .ARM.attributes
                0x0000013a       0x39 Src/main.o
 .ARM.attributes
                0x00000173       0x39 Src/stm32f4xx_hal_msp.o
 .ARM.attributes
                0x000001ac       0x39 Src/stm32f4xx_it.o
 .ARM.attributes
                0x000001e5       0x39 Src/system_stm32f4xx.o
 .ARM.attributes
                0x0000021e       0x39 Src/tm_stm32_delay.o
 .ARM.attributes
                0x00000257       0x39 Src/tm_stm32_hd44780.o
 .ARM.attributes
                0x00000290       0x21 startup/startup_stm32f407xx.o
 .ARM.attributes
                0x000002b1       0x34 e:/eclipse/plugins/fr.ac6.mcu.externaltools.arm-none.win32_1.13.2.201703061525/tools/compiler/bin/../lib/gcc/arm-none-eabi/5.4.1/../../../../arm-none-eabi/lib/armv7e-m/fpu\libc_nano.a(lib_a-init.o)
 .ARM.attributes
                0x000002e5       0x34 e:/eclipse/plugins/fr.ac6.mcu.externaltools.arm-none.win32_1.13.2.201703061525/tools/compiler/bin/../lib/gcc/arm-none-eabi/5.4.1/../../../../arm-none-eabi/lib/armv7e-m/fpu\libc_nano.a(lib_a-itoa.o)
 .ARM.attributes
                0x00000319       0x34 e:/eclipse/plugins/fr.ac6.mcu.externaltools.arm-none.win32_1.13.2.201703061525/tools/compiler/bin/../lib/gcc/arm-none-eabi/5.4.1/../../../../arm-none-eabi/lib/armv7e-m/fpu\libc_nano.a(lib_a-utoa.o)
 .ARM.attributes
                0x0000034d       0x22 e:/eclipse/plugins/fr.ac6.mcu.externaltools.arm-none.win32_1.13.2.201703061525/tools/compiler/bin/../lib/gcc/arm-none-eabi/5.4.1/armv7e-m/fpu/crtn.o
OUTPUT(Bicycle_Counter.elf elf32-littlearm)

.debug_info     0x00000000     0x4768
 .debug_info    0x00000000      0x88f Drivers/STM32F4xx_HAL_Driver/Src/stm32f4xx_hal.o
 .debug_info    0x0000088f      0xd9f Drivers/STM32F4xx_HAL_Driver/Src/stm32f4xx_hal_cortex.o
 .debug_info    0x0000162e      0x71f Drivers/STM32F4xx_HAL_Driver/Src/stm32f4xx_hal_gpio.o
 .debug_info    0x00001d4d      0xb52 Drivers/STM32F4xx_HAL_Driver/Src/stm32f4xx_hal_rcc.o
 .debug_info    0x0000289f      0x86c Src/main.o
 .debug_info    0x0000310b      0x2e0 Src/stm32f4xx_hal_msp.o
 .debug_info    0x000033eb      0x145 Src/stm32f4xx_it.o
 .debug_info    0x00003530      0x4fb Src/system_stm32f4xx.o
 .debug_info    0x00003a2b      0x6ed Src/tm_stm32_delay.o
 .debug_info    0x00004118      0x5e1 Src/tm_stm32_hd44780.o
 .debug_info    0x000046f9       0x6f startup/startup_stm32f407xx.o

.debug_abbrev   0x00000000     0x10d6
 .debug_abbrev  0x00000000      0x227 Drivers/STM32F4xx_HAL_Driver/Src/stm32f4xx_hal.o
 .debug_abbrev  0x00000227      0x2cc Drivers/STM32F4xx_HAL_Driver/Src/stm32f4xx_hal_cortex.o
 .debug_abbrev  0x000004f3      0x1af Drivers/STM32F4xx_HAL_Driver/Src/stm32f4xx_hal_gpio.o
 .debug_abbrev  0x000006a2      0x2a2 Drivers/STM32F4xx_HAL_Driver/Src/stm32f4xx_hal_rcc.o
 .debug_abbrev  0x00000944      0x18f Src/main.o
 .debug_abbrev  0x00000ad3       0x8b Src/stm32f4xx_hal_msp.o
 .debug_abbrev  0x00000b5e       0x82 Src/stm32f4xx_it.o
 .debug_abbrev  0x00000be0      0x104 Src/system_stm32f4xx.o
 .debug_abbrev  0x00000ce4      0x25c Src/tm_stm32_delay.o
 .debug_abbrev  0x00000f40      0x184 Src/tm_stm32_hd44780.o
 .debug_abbrev  0x000010c4       0x12 startup/startup_stm32f407xx.o

.debug_aranges  0x00000000      0x4f0
 .debug_aranges
                0x00000000       0xc8 Drivers/STM32F4xx_HAL_Driver/Src/stm32f4xx_hal.o
 .debug_aranges
                0x000000c8      0x118 Drivers/STM32F4xx_HAL_Driver/Src/stm32f4xx_hal_cortex.o
 .debug_aranges
                0x000001e0       0x58 Drivers/STM32F4xx_HAL_Driver/Src/stm32f4xx_hal_gpio.o
 .debug_aranges
                0x00000238       0x88 Drivers/STM32F4xx_HAL_Driver/Src/stm32f4xx_hal_rcc.o
 .debug_aranges
                0x000002c0       0x40 Src/main.o
 .debug_aranges
                0x00000300       0x20 Src/stm32f4xx_hal_msp.o
 .debug_aranges
                0x00000320       0x60 Src/stm32f4xx_it.o
 .debug_aranges
                0x00000380       0x28 Src/system_stm32f4xx.o
 .debug_aranges
                0x000003a8       0x78 Src/tm_stm32_delay.o
 .debug_aranges
                0x00000420       0xa8 Src/tm_stm32_hd44780.o
 .debug_aranges
                0x000004c8       0x28 startup/startup_stm32f407xx.o

.debug_ranges   0x00000000      0x448
 .debug_ranges  0x00000000       0xb8 Drivers/STM32F4xx_HAL_Driver/Src/stm32f4xx_hal.o
 .debug_ranges  0x000000b8      0x108 Drivers/STM32F4xx_HAL_Driver/Src/stm32f4xx_hal_cortex.o
 .debug_ranges  0x000001c0       0x48 Drivers/STM32F4xx_HAL_Driver/Src/stm32f4xx_hal_gpio.o
 .debug_ranges  0x00000208       0x78 Drivers/STM32F4xx_HAL_Driver/Src/stm32f4xx_hal_rcc.o
 .debug_ranges  0x00000280       0x30 Src/main.o
 .debug_ranges  0x000002b0       0x10 Src/stm32f4xx_hal_msp.o
 .debug_ranges  0x000002c0       0x50 Src/stm32f4xx_it.o
 .debug_ranges  0x00000310       0x18 Src/system_stm32f4xx.o
 .debug_ranges  0x00000328       0x68 Src/tm_stm32_delay.o
 .debug_ranges  0x00000390       0x98 Src/tm_stm32_hd44780.o
 .debug_ranges  0x00000428       0x20 startup/startup_stm32f407xx.o

.debug_macro    0x00000000    0x200d8
 .debug_macro   0x00000000      0x34b Drivers/STM32F4xx_HAL_Driver/Src/stm32f4xx_hal.o
 .debug_macro   0x0000034b      0x898 Drivers/STM32F4xx_HAL_Driver/Src/stm32f4xx_hal.o
 .debug_macro   0x00000be3       0x52 Drivers/STM32F4xx_HAL_Driver/Src/stm32f4xx_hal.o
 .debug_macro   0x00000c35      0x174 Drivers/STM32F4xx_HAL_Driver/Src/stm32f4xx_hal.o
 .debug_macro   0x00000da9       0x33 Drivers/STM32F4xx_HAL_Driver/Src/stm32f4xx_hal.o
 .debug_macro   0x00000ddc       0x28 Drivers/STM32F4xx_HAL_Driver/Src/stm32f4xx_hal.o
 .debug_macro   0x00000e04       0x22 Drivers/STM32F4xx_HAL_Driver/Src/stm32f4xx_hal.o
 .debug_macro   0x00000e26       0x87 Drivers/STM32F4xx_HAL_Driver/Src/stm32f4xx_hal.o
 .debug_macro   0x00000ead       0x44 Drivers/STM32F4xx_HAL_Driver/Src/stm32f4xx_hal.o
 .debug_macro   0x00000ef1       0xfd Drivers/STM32F4xx_HAL_Driver/Src/stm32f4xx_hal.o
 .debug_macro   0x00000fee       0x5e Drivers/STM32F4xx_HAL_Driver/Src/stm32f4xx_hal.o
 .debug_macro   0x0000104c      0x1df Drivers/STM32F4xx_HAL_Driver/Src/stm32f4xx_hal.o
 .debug_macro   0x0000122b       0x35 Drivers/STM32F4xx_HAL_Driver/Src/stm32f4xx_hal.o
 .debug_macro   0x00001260       0x50 Drivers/STM32F4xx_HAL_Driver/Src/stm32f4xx_hal.o
 .debug_macro   0x000012b0      0xe66 Drivers/STM32F4xx_HAL_Driver/Src/stm32f4xx_hal.o
 .debug_macro   0x00002116    0x15e04 Drivers/STM32F4xx_HAL_Driver/Src/stm32f4xx_hal.o
 .debug_macro   0x00017f1a       0x43 Drivers/STM32F4xx_HAL_Driver/Src/stm32f4xx_hal.o
 .debug_macro   0x00017f5d     0x3574 Drivers/STM32F4xx_HAL_Driver/Src/stm32f4xx_hal.o
 .debug_macro   0x0001b4d1       0x52 Drivers/STM32F4xx_HAL_Driver/Src/stm32f4xx_hal.o
 .debug_macro   0x0001b523       0x35 Drivers/STM32F4xx_HAL_Driver/Src/stm32f4xx_hal.o
 .debug_macro   0x0001b558       0x9c Drivers/STM32F4xx_HAL_Driver/Src/stm32f4xx_hal.o
 .debug_macro   0x0001b5f4       0x16 Drivers/STM32F4xx_HAL_Driver/Src/stm32f4xx_hal.o
 .debug_macro   0x0001b60a       0x97 Drivers/STM32F4xx_HAL_Driver/Src/stm32f4xx_hal.o
 .debug_macro   0x0001b6a1      0x30d Drivers/STM32F4xx_HAL_Driver/Src/stm32f4xx_hal.o
 .debug_macro   0x0001b9ae       0xfd Drivers/STM32F4xx_HAL_Driver/Src/stm32f4xx_hal.o
 .debug_macro   0x0001baab       0x10 Drivers/STM32F4xx_HAL_Driver/Src/stm32f4xx_hal.o
 .debug_macro   0x0001babb       0x52 Drivers/STM32F4xx_HAL_Driver/Src/stm32f4xx_hal.o
 .debug_macro   0x0001bb0d       0x1f Drivers/STM32F4xx_HAL_Driver/Src/stm32f4xx_hal.o
 .debug_macro   0x0001bb2c       0x43 Drivers/STM32F4xx_HAL_Driver/Src/stm32f4xx_hal.o
 .debug_macro   0x0001bb6f       0x20 Drivers/STM32F4xx_HAL_Driver/Src/stm32f4xx_hal.o
 .debug_macro   0x0001bb8f      0x187 Drivers/STM32F4xx_HAL_Driver/Src/stm32f4xx_hal.o
 .debug_macro   0x0001bd16       0x10 Drivers/STM32F4xx_HAL_Driver/Src/stm32f4xx_hal.o
 .debug_macro   0x0001bd26       0x1c Drivers/STM32F4xx_HAL_Driver/Src/stm32f4xx_hal.o
 .debug_macro   0x0001bd42       0x52 Drivers/STM32F4xx_HAL_Driver/Src/stm32f4xx_hal.o
 .debug_macro   0x0001bd94       0x40 Drivers/STM32F4xx_HAL_Driver/Src/stm32f4xx_hal.o
 .debug_macro   0x0001bdd4       0x10 Drivers/STM32F4xx_HAL_Driver/Src/stm32f4xx_hal.o
 .debug_macro   0x0001bde4       0x40 Drivers/STM32F4xx_HAL_Driver/Src/stm32f4xx_hal.o
 .debug_macro   0x0001be24       0xd7 Drivers/STM32F4xx_HAL_Driver/Src/stm32f4xx_hal.o
 .debug_macro   0x0001befb       0x16 Drivers/STM32F4xx_HAL_Driver/Src/stm32f4xx_hal.o
 .debug_macro   0x0001bf11      0x18b Drivers/STM32F4xx_HAL_Driver/Src/stm32f4xx_hal.o
 .debug_macro   0x0001c09c       0x50 Drivers/STM32F4xx_HAL_Driver/Src/stm32f4xx_hal.o
 .debug_macro   0x0001c0ec      0x96b Drivers/STM32F4xx_HAL_Driver/Src/stm32f4xx_hal.o
 .debug_macro   0x0001ca57      0x9e1 Drivers/STM32F4xx_HAL_Driver/Src/stm32f4xx_hal.o
 .debug_macro   0x0001d438      0x11e Drivers/STM32F4xx_HAL_Driver/Src/stm32f4xx_hal.o
 .debug_macro   0x0001d556      0x13e Drivers/STM32F4xx_HAL_Driver/Src/stm32f4xx_hal.o
 .debug_macro   0x0001d694       0x27 Drivers/STM32F4xx_HAL_Driver/Src/stm32f4xx_hal.o
 .debug_macro   0x0001d6bb      0x287 Drivers/STM32F4xx_HAL_Driver/Src/stm32f4xx_hal.o
 .debug_macro   0x0001d942       0x5f Drivers/STM32F4xx_HAL_Driver/Src/stm32f4xx_hal.o
 .debug_macro   0x0001d9a1      0x23a Drivers/STM32F4xx_HAL_Driver/Src/stm32f4xx_hal.o
 .debug_macro   0x0001dbdb      0x133 Drivers/STM32F4xx_HAL_Driver/Src/stm32f4xx_hal.o
 .debug_macro   0x0001dd0e      0x21e Drivers/STM32F4xx_HAL_Driver/Src/stm32f4xx_hal.o
 .debug_macro   0x0001df2c       0x2e Drivers/STM32F4xx_HAL_Driver/Src/stm32f4xx_hal.o
 .debug_macro   0x0001df5a      0x11e Drivers/STM32F4xx_HAL_Driver/Src/stm32f4xx_hal.o
 .debug_macro   0x0001e078       0x7f Drivers/STM32F4xx_HAL_Driver/Src/stm32f4xx_hal.o
 .debug_macro   0x0001e0f7       0x89 Drivers/STM32F4xx_HAL_Driver/Src/stm32f4xx_hal.o
 .debug_macro   0x0001e180      0x125 Drivers/STM32F4xx_HAL_Driver/Src/stm32f4xx_hal.o
 .debug_macro   0x0001e2a5      0x2eb Drivers/STM32F4xx_HAL_Driver/Src/stm32f4xx_hal_cortex.o
 .debug_macro   0x0001e590      0x323 Drivers/STM32F4xx_HAL_Driver/Src/stm32f4xx_hal_gpio.o
 .debug_macro   0x0001e8b3      0x315 Drivers/STM32F4xx_HAL_Driver/Src/stm32f4xx_hal_rcc.o
 .debug_macro   0x0001ebc8      0x34a Src/main.o
 .debug_macro   0x0001ef12       0x16 Src/main.o
 .debug_macro   0x0001ef28       0x35 Src/main.o
 .debug_macro   0x0001ef5d       0x16 Src/main.o
 .debug_macro   0x0001ef73       0x29 Src/main.o
 .debug_macro   0x0001ef9c       0x32 Src/main.o
 .debug_macro   0x0001efce       0xb3 Src/main.o
 .debug_macro   0x0001f081       0x58 Src/main.o
 .debug_macro   0x0001f0d9      0x2eb Src/stm32f4xx_hal_msp.o
 .debug_macro   0x0001f3c4      0x2f5 Src/stm32f4xx_it.o
 .debug_macro   0x0001f6b9      0x2f1 Src/system_stm32f4xx.o
 .debug_macro   0x0001f9aa      0x32e Src/tm_stm32_delay.o
 .debug_macro   0x0001fcd8      0x400 Src/tm_stm32_hd44780.o

.debug_line     0x00000000     0x5613
 .debug_line    0x00000000      0x8c7 Drivers/STM32F4xx_HAL_Driver/Src/stm32f4xx_hal.o
 .debug_line    0x000008c7      0xa27 Drivers/STM32F4xx_HAL_Driver/Src/stm32f4xx_hal_cortex.o
 .debug_line    0x000012ee      0x8ef Drivers/STM32F4xx_HAL_Driver/Src/stm32f4xx_hal_gpio.o
 .debug_line    0x00001bdd      0xa30 Drivers/STM32F4xx_HAL_Driver/Src/stm32f4xx_hal_rcc.o
 .debug_line    0x0000260d      0x7e6 Src/main.o
 .debug_line    0x00002df3      0x704 Src/stm32f4xx_hal_msp.o
 .debug_line    0x000034f7      0x7a3 Src/stm32f4xx_it.o
 .debug_line    0x00003c9a      0x72a Src/system_stm32f4xx.o
 .debug_line    0x000043c4      0x893 Src/tm_stm32_delay.o
 .debug_line    0x00004c57      0x93d Src/tm_stm32_hd44780.o
 .debug_line    0x00005594       0x7f startup/startup_stm32f407xx.o

.debug_str      0x00000000    0xba38b
 .debug_str     0x00000000    0xb87bb Drivers/STM32F4xx_HAL_Driver/Src/stm32f4xx_hal.o
                              0xb8b42 (size before relaxing)
 .debug_str     0x000b87bb      0x40e Drivers/STM32F4xx_HAL_Driver/Src/stm32f4xx_hal_cortex.o
                              0xb894f (size before relaxing)
 .debug_str     0x000b8bc9      0x292 Drivers/STM32F4xx_HAL_Driver/Src/stm32f4xx_hal_gpio.o
                              0xb82dd (size before relaxing)
 .debug_str     0x000b8e5b      0x39c Drivers/STM32F4xx_HAL_Driver/Src/stm32f4xx_hal_rcc.o
                              0xb84b3 (size before relaxing)
 .debug_str     0x000b91f7      0x841 Src/main.o
                              0xb8ef2 (size before relaxing)
 .debug_str     0x000b9a38       0x1b Src/stm32f4xx_hal_msp.o
                              0xb83d2 (size before relaxing)
 .debug_str     0x000b9a53       0xb8 Src/stm32f4xx_it.o
                              0xb7f70 (size before relaxing)
 .debug_str     0x000b9b0b       0x5a Src/system_stm32f4xx.o
                              0xb80c5 (size before relaxing)
 .debug_str     0x000b9b65      0x260 Src/tm_stm32_delay.o
                              0xb83d9 (size before relaxing)
 .debug_str     0x000b9dc5      0x5c6 Src/tm_stm32_hd44780.o
                              0xb8d98 (size before relaxing)

.comment        0x00000000       0x6e
 .comment       0x00000000       0x6e Drivers/STM32F4xx_HAL_Driver/Src/stm32f4xx_hal.o
                                 0x6f (size before relaxing)
 .comment       0x0000006e       0x6f Drivers/STM32F4xx_HAL_Driver/Src/stm32f4xx_hal_cortex.o
 .comment       0x0000006e       0x6f Drivers/STM32F4xx_HAL_Driver/Src/stm32f4xx_hal_gpio.o
 .comment       0x0000006e       0x6f Drivers/STM32F4xx_HAL_Driver/Src/stm32f4xx_hal_rcc.o
 .comment       0x0000006e       0x6f Src/main.o
 .comment       0x0000006e       0x6f Src/stm32f4xx_hal_msp.o
 .comment       0x0000006e       0x6f Src/stm32f4xx_it.o
 .comment       0x0000006e       0x6f Src/system_stm32f4xx.o
 .comment       0x0000006e       0x6f Src/tm_stm32_delay.o
 .comment       0x0000006e       0x6f Src/tm_stm32_hd44780.o

.debug_frame    0x00000000     0x11d8
 .debug_frame   0x00000000      0x2e8 Drivers/STM32F4xx_HAL_Driver/Src/stm32f4xx_hal.o
 .debug_frame   0x000002e8      0x498 Drivers/STM32F4xx_HAL_Driver/Src/stm32f4xx_hal_cortex.o
 .debug_frame   0x00000780      0x14c Drivers/STM32F4xx_HAL_Driver/Src/stm32f4xx_hal_gpio.o
 .debug_frame   0x000008cc      0x200 Drivers/STM32F4xx_HAL_Driver/Src/stm32f4xx_hal_rcc.o
 .debug_frame   0x00000acc       0xb4 Src/main.o
 .debug_frame   0x00000b80       0x2c Src/stm32f4xx_hal_msp.o
 .debug_frame   0x00000bac      0x10c Src/stm32f4xx_it.o
 .debug_frame   0x00000cb8       0x58 Src/system_stm32f4xx.o
 .debug_frame   0x00000d10      0x1d0 Src/tm_stm32_delay.o
 .debug_frame   0x00000ee0      0x250 Src/tm_stm32_hd44780.o
 .debug_frame   0x00001130       0x2c e:/eclipse/plugins/fr.ac6.mcu.externaltools.arm-none.win32_1.13.2.201703061525/tools/compiler/bin/../lib/gcc/arm-none-eabi/5.4.1/../../../../arm-none-eabi/lib/armv7e-m/fpu\libc_nano.a(lib_a-init.o)
 .debug_frame   0x0000115c       0x38 e:/eclipse/plugins/fr.ac6.mcu.externaltools.arm-none.win32_1.13.2.201703061525/tools/compiler/bin/../lib/gcc/arm-none-eabi/5.4.1/../../../../arm-none-eabi/lib/armv7e-m/fpu\libc_nano.a(lib_a-itoa.o)
 .debug_frame   0x00001194       0x44 e:/eclipse/plugins/fr.ac6.mcu.externaltools.arm-none.win32_1.13.2.201703061525/tools/compiler/bin/../lib/gcc/arm-none-eabi/5.4.1/../../../../arm-none-eabi/lib/armv7e-m/fpu\libc_nano.a(lib_a-utoa.o)
